Compiling 20 files with 0.8.13
Solc 0.8.13 finished in 1.95s
Compiler run successful!

Running 1 test for test/Contract.t.sol:ContractTest
[PASS] test() (gas: 70351)
Test result: ok. 1 passed; 0 failed; 0 skipped; finished in 3.21s
 
Ran 1 test suites: 1 tests passed, 0 failed, 0 skipped (1 total tests)
