Compiling 1 files with 0.8.23
Solc 0.8.23 finished in 34.45ms
Compiler run successful!
