No files changed, compilation skipped

Running 2 tests for test/Counter.t.sol:CounterTest
[PASS] testIncrement() (gas: 28334)
[PASS] testSetNumber(uint256) (runs: 256, Î¼: 26521, ~: 28387)
Test result: ok. 2 passed; 0 failed; 0 skipped; finished in 9.42ms
Ran 1 test suites: 2 tests passed, 0 failed, 0 skipped (2 total tests)
