Compiling 16 files with 0.8.13
Solc 0.8.13 finished in 1.95s
Compiler run successful

Running 1 test for test/Contract.t.sol:ContractTest
[PASS] test() (gas: 70307)
Test result: ok. 1 passed; 0 failed; finished in 3.21s
