Compiling 2 files with 0.8.10
Solc 0.8.10 finished in 185.25ms
Compiler run successful

Running 1 test for src/nested/forge-tests/MyTest.t.sol:MyTest
[32m[PASS][0m testTrue() (gas: 168)
Test result: [32mok[0m. 1 passed; 0 failed; finished in 2.93ms
