Compiling 21 files with 0.8.15
Solc 0.8.15 finished in 1.95s
Compiler run successful!
Deployer: 0xf39Fd6e51aad88F6F4ce6aB8827279cffFb92266
Deployed to: 0x5FbDB2315678afecb367f032d93F642f64180aa3
Transaction hash: 0xd6e14926926a3bf1f51ccd13ccb190887a82d0ba7d5f3f0af7928faa22c4d3ec
