Compiling 1 files with 0.8.10
Solc 0.8.10 finished in 23.34ms
Compiler run successful
Script ran successfully.
Gas used: 24240

== Logs ==
  script ran
