Error: 
There are changes in your working/staging area. Commit them first or add the `--no-commit` option.
