Compiling 1 files with 0.8.17
Solc 0.8.17 finished in 34.45ms
Compiler run successful
