Compiling 1 files with 0.8.10
Solc 0.8.10 finished in 185.25ms
Compiler run successful

No tests match the provided pattern:
	match-test: `testA.*`
	no-match-test: `testB.*`
	match-contract: `TestC.*`
	no-match-contract: `TestD.*`
	match-path: `*TestE*`
	no-match-path: `*TestF*`

Did you mean `test1`?
